******************************************************************************
                  TI ARM Linker PC v20.2.7                     
******************************************************************************
>> Linked Mon May  8 08:48:20 2023

OUTPUT FILE NAME:   <test3.out>
ENTRY POINT SYMBOL: "_c_int00_noargs"  address: 00004b41


MEMORY CONFIGURATION

         name            origin    length      used     unused   attr    fill
----------------------  --------  ---------  --------  --------  ----  --------
  FLASH                 00000000   00040000  000050fe  0003af02  R  X
  SRAM                  20000000   00008000  00000234  00007dcc  RW X


SEGMENT ALLOCATION MAP

run origin  load origin   length   init length attrs members
----------  ----------- ---------- ----------- ----- -------
00000000    00000000    00005100   00005100    r-x
  00000000    00000000    0000026c   0000026c    r-- .intvecs
  0000026c    0000026c    00004aa2   00004aa2    r-x .text
  00004d10    00004d10    000003c0   000003c0    r-- .const
  000050d0    000050d0    00000030   00000030    r-- .cinit
20000000    20000000    00000234   00000000    rw-
  20000000    20000000    00000200   00000000    rw- .stack
  20000200    20000200    00000020   00000000    rw- .bss
  20000220    20000220    00000014   00000000    rw- .data


SECTION ALLOCATION MAP

 output                                  attributes/
section   page    origin      length       input sections
--------  ----  ----------  ----------   ----------------
.intvecs   0    00000000    0000026c     
                  00000000    0000026c     tm4c123gh6pm_startup_ccs.obj (.intvecs)

.text      0    0000026c    00004aa2     
                  0000026c    00000a4e     rtsv7M4_T_le_v4SPD16_eabi.lib : _printfi.c.obj (.text:__TI_printfi)
                  00000cba    00000002                                   : div0.asm.obj (.text)
                  00000cbc    00000738                                   : k_rem_pio2.c.obj (.text:__kernel_rem_pio2)
                  000013f4    000005e0                                   : s_sin.c.obj (.text:sin)
                  000019d4    000005dc                                   : s_cos.c.obj (.text:cos)
                  00001fb0    00000554     GPS.obj (.text)
                  00002504    00000460     rtsv7M4_T_le_v4SPD16_eabi.lib : strtod.c.obj (.text:strtod)
                  00002964    000002ec                                   : s_atan.c.obj (.text:atan)
                  00002c50    000002e4     micro.obj (.text)
                  00002f34    00000270     rtsv7M4_T_le_v4SPD16_eabi.lib : _printfi.c.obj (.text:_pconv_a)
                  000031a4    000001e4                                   : e_atan2.c.obj (.text:atan2)
                  00003388    000001d0                                   : _printfi.c.obj (.text:_pconv_g)
                  00003558    000001b6                                   : fd_add_t2.asm.obj (.text)
                  0000370e    00000002     --HOLE-- [fill = 0]
                  00003710    00000174                                   : k_sin.c.obj (.text:__kernel_sin)
                  00003884    00000170                                   : k_cos.c.obj (.text:__kernel_cos)
                  000039f4    00000158                                   : e_sqrt.c.obj (.text:sqrt)
                  00003b4c    0000013c                                   : _printfi.c.obj (.text:_pconv_e)
                  00003c88    00000136                                   : fd_div_t2.asm.obj (.text)
                  00003dbe    00000002     --HOLE-- [fill = 0]
                  00003dc0    00000124                                   : _printfi.c.obj (.text:fcvt)
                  00003ee4    00000110                                   : s_scalbn.c.obj (.text:scalbn)
                  00003ff4    000000fc                                   : fd_mul_t2.asm.obj (.text)
                  000040f0    000000f8                                   : s_floor.c.obj (.text:floor)
                  000041e8    000000f4     driverlib.lib : sysctl.obj (.text:SysCtlClockSet)
                  000042dc    000000d0     UART.obj (.text)
                  000043ac    000000b1     rtsv7M4_T_le_v4SPD16_eabi.lib : _printfi.c.obj (.text:_ltostr)
                  0000445d    00000001     --HOLE-- [fill = 0]
                  0000445e    0000009c                                   : memcpy_t2.asm.obj (.text)
                  000044fa    00000096                                   : ull_div_t2.asm.obj (.text)
                  00004590    00000086                                   : fd_cmp_t2.asm.obj (.text:__aeabi_cdcmple)
                  00004616    00000086                                   : fd_cmp_t2.asm.obj (.text:__aeabi_cdrcmple)
                  0000469c    0000007a                                   : memset_t2.asm.obj (.text)
                  00004716    0000006e                                   : _printfi.c.obj (.text:_mcpy)
                  00004784    00000068                                   : copy_decompress_lzss.c.obj (.text:decompress:lzss:__TI_decompress_lzss)
                  000047ec    00000064                                   : s_frexp.c.obj (.text:frexp)
                  00004850    0000005c     test3.obj (.text)
                  000048ac    00000056     rtsv7M4_T_le_v4SPD16_eabi.lib : _printfi.c.obj (.text:_pconv_f)
                  00004902    00000054                                   : _ltoa.c.obj (.text:__TI_ltoa)
                  00004956    00000052                                   : _printfi.c.obj (.text:_ecpy)
                  000049a8    0000004c                                   : atoi.c.obj (.text:atoi)
                  000049f4    00000048                                   : fd_toi_t2.asm.obj (.text)
                  00004a3c    00000044                                   : autoinit.c.obj (.text:__TI_auto_init_nobinit_nopinit:__TI_auto_init_nobinit_nopinit)
                  00004a80    00000040                                   : sprintf.c.obj (.text:sprintf)
                  00004ac0    00000040                                   : strtok.c.obj (.text:strtok)
                  00004b00    0000003e                                   : _printfi.c.obj (.text:_fcpy)
                  00004b3e    00000002     --HOLE-- [fill = 0]
                  00004b40    00000034                                   : boot_cortex_m.c.obj (.text:_c_int00_noargs:_c_int00_noargs)
                  00004b74    0000002e                                   : i_tofd_t2.asm.obj (.text)
                  00004ba2    0000002a                                   : strspn.c.obj (.text:strspn)
                  00004bcc    00000024                                   : strcspn.c.obj (.text:strcspn)
                  00004bf0    0000001c                                   : copy_zero_init.c.obj (.text:decompress:ZI:__TI_zero_init_nomemset:__TI_zero_init_nomemset)
                  00004c0c    0000001c                                   : memccpy.c.obj (.text:memccpy)
                  00004c28    0000001a                                   : s_copysign.c.obj (.text:copysign)
                  00004c42    00000018                                   : sprintf.c.obj (.text:_outs)
                  00004c5a    00000018                                   : strcmp.c.obj (.text:strcmp)
                  00004c72    00000016                                   : strchr.c.obj (.text:strchr)
                  00004c88    00000014                                   : strcpy.c.obj (.text:strcpy)
                  00004c9c    00000014                                   : strlen.c.obj (.text:strlen)
                  00004cb0    00000012                                   : atof.c.obj (.text:atof)
                  00004cc2    00000012                                   : wcslen.c.obj (.text:wcslen)
                  00004cd4    0000000e                                   : copy_decompress_none.c.obj (.text:decompress:none:__TI_decompress_none)
                  00004ce2    0000000c     tm4c123gh6pm_startup_ccs.obj (.text)
                  00004cee    0000000a     rtsv7M4_T_le_v4SPD16_eabi.lib : sprintf.c.obj (.text:_outc)
                  00004cf8    00000008                                   : errno.c.obj (.text:__aeabi_errno_addr)
                  00004d00    00000006     driverlib.lib : sysctl.obj (.text:SysCtlDelay)
                  00004d06    00000004     rtsv7M4_T_le_v4SPD16_eabi.lib : pre_init.c.obj (.text:_system_pre_init)
                  00004d0a    00000004                                   : exit.c.obj (.text:abort:abort)

.const     0    00004d10    000003c0     
                  00004d10    00000158     rtsv7M4_T_le_v4SPD16_eabi.lib : k_rem_pio2.c.obj (.const:$O1$$)
                  00004e68    00000101                                   : ctype.c.obj (.const:.string:_ctypes_)
                  00004f69    00000007     --HOLE-- [fill = 0]
                  00004f70    000000c8                                   : strtod.c.obj (.const:$O1$$)
                  00005038    00000098                                   : s_atan.c.obj (.const:$O1$$)

.cinit     0    000050d0    00000030     
                  000050d0    0000000c     (__TI_handler_table)
                  000050dc    00000004     --HOLE-- [fill = 0]
                  000050e0    00000008     (.cinit..bss.load) [load image, compression = zero_init]
                  000050e8    00000008     (.cinit..data.load) [load image, compression = lzss]
                  000050f0    00000010     (__TI_cinit_table)

.init_array 
*          0    00000000    00000000     UNINITIALIZED

.bss       0    20000200    00000020     UNINITIALIZED
                  20000200    00000020     GPS.obj (.bss:points)

.data      0    20000220    00000014     UNINITIALIZED
                  20000220    0000000c     GPS.obj (.data)
                  2000022c    00000004     rtsv7M4_T_le_v4SPD16_eabi.lib : errno.c.obj (.data)
                  20000230    00000004                                   : strtok.c.obj (.data)

.stack     0    20000000    00000200     UNINITIALIZED
                  20000000    00000004     rtsv7M4_T_le_v4SPD16_eabi.lib : boot_cortex_m.c.obj (.stack)
                  20000004    000001fc     --HOLE--

__llvm_prf_cnts 
*          0    20000000    00000000     UNINITIALIZED

MODULE SUMMARY

       Module                         code    ro data   rw data
       ------                         ----    -------   -------
    .\
       GPS.obj                        1364    0         44     
       micro.obj                      740     0         0      
       tm4c123gh6pm_startup_ccs.obj   12      620       0      
       UART.obj                       208     0         0      
       test3.obj                      92      0         0      
    +--+------------------------------+-------+---------+---------+
       Total:                         2416    620       44     
                                                               
    C:/ti/TivaWare_C_Series-2.2.0.295/driverlib/ccs/Debug/driverlib.lib
       sysctl.obj                     250     0         0      
    +--+------------------------------+-------+---------+---------+
       Total:                         250     0         0      
                                                               
    C:\ti\ccs1230\ccs\tools\compiler\ti-cgt-arm_20.2.7.LTS\lib\rtsv7M4_T_le_v4SPD16_eabi.lib
       _printfi.c.obj                 4851    0         0      
       k_rem_pio2.c.obj               1848    344       0      
       s_sin.c.obj                    1504    0         0      
       s_cos.c.obj                    1500    0         0      
       strtod.c.obj                   1120    200       0      
       s_atan.c.obj                   748     152       0      
       e_atan2.c.obj                  484     0         0      
       fd_add_t2.asm.obj              438     0         0      
       k_sin.c.obj                    372     0         0      
       k_cos.c.obj                    368     0         0      
       e_sqrt.c.obj                   344     0         0      
       fd_div_t2.asm.obj              310     0         0      
       s_scalbn.c.obj                 272     0         0      
       fd_cmp_t2.asm.obj              268     0         0      
       ctype.c.obj                    0       257       0      
       fd_mul_t2.asm.obj              252     0         0      
       s_floor.c.obj                  248     0         0      
       memcpy_t2.asm.obj              156     0         0      
       ull_div_t2.asm.obj             150     0         0      
       memset_t2.asm.obj              122     0         0      
       copy_decompress_lzss.c.obj     104     0         0      
       s_frexp.c.obj                  100     0         0      
       sprintf.c.obj                  98      0         0      
       _ltoa.c.obj                    84      0         0      
       atoi.c.obj                     76      0         0      
       fd_toi_t2.asm.obj              72      0         0      
       autoinit.c.obj                 68      0         0      
       strtok.c.obj                   64      0         4      
       boot_cortex_m.c.obj            52      0         0      
       i_tofd_t2.asm.obj              46      0         0      
       strspn.c.obj                   42      0         0      
       strcspn.c.obj                  36      0         0      
       copy_zero_init.c.obj           28      0         0      
       memccpy.c.obj                  28      0         0      
       s_copysign.c.obj               26      0         0      
       strcmp.c.obj                   24      0         0      
       strchr.c.obj                   22      0         0      
       strcpy.c.obj                   20      0         0      
       strlen.c.obj                   20      0         0      
       atof.c.obj                     18      0         0      
       wcslen.c.obj                   18      0         0      
       copy_decompress_none.c.obj     14      0         0      
       errno.c.obj                    8       0         4      
       exit.c.obj                     4       0         0      
       pre_init.c.obj                 4       0         0      
       div0.asm.obj                   2       0         0      
    +--+------------------------------+-------+---------+---------+
       Total:                         16433   953       8      
                                                               
       Stack:                         0       0         512    
       Linker Generated:              0       44        0      
    +--+------------------------------+-------+---------+---------+
       Grand Total:                   19099   1617      564    


LINKER GENERATED COPY TABLES

__TI_cinit_table @ 000050f0 records: 2, size/record: 8, table size: 16
	.bss: load addr=000050e0, load size=00000008 bytes, run addr=20000200, run size=00000020 bytes, compression=zero_init
	.data: load addr=000050e8, load size=00000008 bytes, run addr=20000220, run size=00000014 bytes, compression=lzss


LINKER GENERATED HANDLER TABLE

__TI_handler_table @ 000050d0 records: 3, size/record: 4, table size: 12
	index: 0, handler: __TI_decompress_lzss
	index: 1, handler: __TI_decompress_none
	index: 2, handler: __TI_zero_init


GLOBAL SYMBOLS: SORTED ALPHABETICALLY BY Name 

address   name                          
-------   ----                          
00004d0b  C$$EXIT                       
00002e99  LCD_intgerToString            
00002c99  PortB_Init                    
00002cdb  PortD_Init                    
00002c51  PortF_Init                    
00004ce3  ResetISR                      
000041e9  SysCtlClockSet                
00004d01  SysCtlDelay                   
00002d23  SysTick_Init                  
000042dd  UART5_init                    
20000200  __STACK_END                   
00000200  __STACK_SIZE                  
20000200  __STACK_TOP                   
000050f0  __TI_CINIT_Base               
00005100  __TI_CINIT_Limit              
000050d0  __TI_Handler_Table_Base       
000050dc  __TI_Handler_Table_Limit      
00004a3d  __TI_auto_init_nobinit_nopinit
00004785  __TI_decompress_lzss          
00004cd5  __TI_decompress_none          
00004903  __TI_ltoa                     
ffffffff  __TI_pprof_out_hndl           
0000026d  __TI_printfi                  
ffffffff  __TI_prof_data_size           
ffffffff  __TI_prof_data_start          
00000000  __TI_static_base__            
00004bf1  __TI_zero_init_nomemset       
00004591  __aeabi_cdcmpeq               
00004591  __aeabi_cdcmple               
00004617  __aeabi_cdrcmple              
000049f5  __aeabi_d2iz                  
00003563  __aeabi_dadd                  
00003c89  __aeabi_ddiv                  
00003ff5  __aeabi_dmul                  
00003559  __aeabi_dsub                  
00004cf9  __aeabi_errno_addr            
00004b75  __aeabi_i2d                   
00000cbb  __aeabi_idiv0                 
00000cbb  __aeabi_ldiv0                 
0000469d  __aeabi_memclr                
0000469d  __aeabi_memclr4               
0000469d  __aeabi_memclr8               
0000445f  __aeabi_memcpy                
0000445f  __aeabi_memcpy4               
0000445f  __aeabi_memcpy8               
0000469f  __aeabi_memset                
0000469f  __aeabi_memset4               
0000469f  __aeabi_memset8               
000044fb  __aeabi_uldivmod              
ffffffff  __binit__                     
ffffffff  __c_args__                    
00003885  __kernel_cos                  
00000cbd  __kernel_rem_pio2             
00003711  __kernel_sin                  
UNDEFED   __mpu_init                    
20000000  __stack                       
20000000  __start___llvm_prf_cnts       
20000000  __stop___llvm_prf_cnts        
00004b41  _c_int00_noargs               
00004e68  _ctypes_                      
UNDEFED   _system_post_cinit            
00004d07  _system_pre_init              
00004d0b  abort                         
00002965  atan                          
000031a5  atan2                         
000031a5  atan2l                        
00002965  atanl                         
00004cb1  atof                          
000049a9  atoi                          
ffffffff  binit                         
000022f9  calc_distance                 
00004c29  copysign                      
00004c29  copysignl                     
000019d5  cos                           
000019d5  cosl                          
00002d69  delay_ms                      
00002d3d  delay_us                      
20000220  distance                      
2000022c  errno                         
000040f1  floor                         
000040f1  floorl                        
000047ed  frexp                         
000047ed  frexpl                        
00000000  g_pfnVectors                  
00002e43  lcd_char                      
00002db1  lcd_cmd                       
00002d8f  lcd_init                      
00002e71  lcd_str                       
00002deb  lcd_write                     
00003ee5  ldexp                         
00003ee5  ldexpl                        
00004851  main                          
00004c0d  memccpy                       
0000445f  memcpy                        
000046a5  memset                        
00001fb1  readGPS                       
00004361  receive_char                  
00003ee5  scalbn                        
00003ee5  scalbnl                       
000013f5  sin                           
000013f5  sinl                          
00004a81  sprintf                       
000039f5  sqrt                          
000039f5  sqrtl                         
00004c73  strchr                        
00004c5b  strcmp                        
00004c89  strcpy                        
00004bcd  strcspn                       
00004c9d  strlen                        
00004ba3  strspn                        
00002505  strtod                        
00004ac1  strtok                        
00002505  strtold                       
00004cc3  wcslen                        


GLOBAL SYMBOLS: SORTED BY Symbol Address 

address   name                          
-------   ----                          
00000000  __TI_static_base__            
00000000  g_pfnVectors                  
00000200  __STACK_SIZE                  
0000026d  __TI_printfi                  
00000cbb  __aeabi_idiv0                 
00000cbb  __aeabi_ldiv0                 
00000cbd  __kernel_rem_pio2             
000013f5  sin                           
000013f5  sinl                          
000019d5  cos                           
000019d5  cosl                          
00001fb1  readGPS                       
000022f9  calc_distance                 
00002505  strtod                        
00002505  strtold                       
00002965  atan                          
00002965  atanl                         
00002c51  PortF_Init                    
00002c99  PortB_Init                    
00002cdb  PortD_Init                    
00002d23  SysTick_Init                  
00002d3d  delay_us                      
00002d69  delay_ms                      
00002d8f  lcd_init                      
00002db1  lcd_cmd                       
00002deb  lcd_write                     
00002e43  lcd_char                      
00002e71  lcd_str                       
00002e99  LCD_intgerToString            
000031a5  atan2                         
000031a5  atan2l                        
00003559  __aeabi_dsub                  
00003563  __aeabi_dadd                  
00003711  __kernel_sin                  
00003885  __kernel_cos                  
000039f5  sqrt                          
000039f5  sqrtl                         
00003c89  __aeabi_ddiv                  
00003ee5  ldexp                         
00003ee5  ldexpl                        
00003ee5  scalbn                        
00003ee5  scalbnl                       
00003ff5  __aeabi_dmul                  
000040f1  floor                         
000040f1  floorl                        
000041e9  SysCtlClockSet                
000042dd  UART5_init                    
00004361  receive_char                  
0000445f  __aeabi_memcpy                
0000445f  __aeabi_memcpy4               
0000445f  __aeabi_memcpy8               
0000445f  memcpy                        
000044fb  __aeabi_uldivmod              
00004591  __aeabi_cdcmpeq               
00004591  __aeabi_cdcmple               
00004617  __aeabi_cdrcmple              
0000469d  __aeabi_memclr                
0000469d  __aeabi_memclr4               
0000469d  __aeabi_memclr8               
0000469f  __aeabi_memset                
0000469f  __aeabi_memset4               
0000469f  __aeabi_memset8               
000046a5  memset                        
00004785  __TI_decompress_lzss          
000047ed  frexp                         
000047ed  frexpl                        
00004851  main                          
00004903  __TI_ltoa                     
000049a9  atoi                          
000049f5  __aeabi_d2iz                  
00004a3d  __TI_auto_init_nobinit_nopinit
00004a81  sprintf                       
00004ac1  strtok                        
00004b41  _c_int00_noargs               
00004b75  __aeabi_i2d                   
00004ba3  strspn                        
00004bcd  strcspn                       
00004bf1  __TI_zero_init_nomemset       
00004c0d  memccpy                       
00004c29  copysign                      
00004c29  copysignl                     
00004c5b  strcmp                        
00004c73  strchr                        
00004c89  strcpy                        
00004c9d  strlen                        
00004cb1  atof                          
00004cc3  wcslen                        
00004cd5  __TI_decompress_none          
00004ce3  ResetISR                      
00004cf9  __aeabi_errno_addr            
00004d01  SysCtlDelay                   
00004d07  _system_pre_init              
00004d0b  C$$EXIT                       
00004d0b  abort                         
00004e68  _ctypes_                      
000050d0  __TI_Handler_Table_Base       
000050dc  __TI_Handler_Table_Limit      
000050f0  __TI_CINIT_Base               
00005100  __TI_CINIT_Limit              
20000000  __stack                       
20000000  __start___llvm_prf_cnts       
20000000  __stop___llvm_prf_cnts        
20000200  __STACK_END                   
20000200  __STACK_TOP                   
20000220  distance                      
2000022c  errno                         
ffffffff  __TI_pprof_out_hndl           
ffffffff  __TI_prof_data_size           
ffffffff  __TI_prof_data_start          
ffffffff  __binit__                     
ffffffff  __c_args__                    
ffffffff  binit                         
UNDEFED   __mpu_init                    
UNDEFED   _system_post_cinit            

[114 symbols]
