******************************************************************************
                  TI ARM Linker PC v20.2.7                     
******************************************************************************
>> Linked Sat May 13 06:02:43 2023

OUTPUT FILE NAME:   <tracking_project.out>
ENTRY POINT SYMBOL: "_c_int00_noargs"  address: 00000b4d


MEMORY CONFIGURATION

         name            origin    length      used     unused   attr    fill
----------------------  --------  ---------  --------  --------  ----  --------
  FLASH                 00000000   00040000  00000c3a  0003f3c6  R  X
  SRAM                  20000000   00008000  00000204  00007dfc  RW X


SEGMENT ALLOCATION MAP

run origin  load origin   length   init length attrs members
----------  ----------- ---------- ----------- ----- -------
00000000    00000000    00000c40   00000c40    r-x
  00000000    00000000    0000026c   0000026c    r-- .intvecs
  0000026c    0000026c    000009b6   000009b6    r-x .text
  00000c28    00000c28    00000018   00000018    r-- .cinit
20000000    20000000    00000204   00000000    rw-
  20000000    20000000    00000200   00000000    rw- .stack
  20000200    20000200    00000004   00000000    rw- .data


SECTION ALLOCATION MAP

 output                                  attributes/
section   page    origin      length       input sections
--------  ----  ----------  ----------   ----------------
.intvecs   0    00000000    0000026c     
                  00000000    0000026c     tm4c123gh6pm_startup_ccs.obj (.intvecs)

.text      0    0000026c    000009b6     
                  0000026c    00000270     GPS.obj (.text)
                  000004dc    00000188     lcd.obj (.text)
                  00000664    00000138     gpio.obj (.text)
                  0000079c    000000f4     driverlib.lib : sysctl.obj (.text:SysCtlClockSet)
                  00000890    000000d0     UART.obj (.text)
                  00000960    0000009c     rtsv7M4_T_le_v4SPD16_eabi.lib : memcpy_t2.asm.obj (.text)
                  000009fc    00000068                                   : copy_decompress_lzss.c.obj (.text:decompress:lzss:__TI_decompress_lzss)
                  00000a64    00000064     main.obj (.text)
                  00000ac8    00000044     rtsv7M4_T_le_v4SPD16_eabi.lib : autoinit.c.obj (.text:__TI_auto_init_nobinit_nopinit:__TI_auto_init_nobinit_nopinit)
                  00000b0c    00000040                                   : strtok.c.obj (.text:strtok)
                  00000b4c    00000034                                   : boot_cortex_m.c.obj (.text:_c_int00_noargs:_c_int00_noargs)
                  00000b80    0000002a                                   : strspn.c.obj (.text:strspn)
                  00000baa    00000024                                   : strcspn.c.obj (.text:strcspn)
                  00000bce    00000018                                   : strcmp.c.obj (.text:strcmp)
                  00000be6    00000014                                   : strcpy.c.obj (.text:strcpy)
                  00000bfa    0000000e                                   : copy_decompress_none.c.obj (.text:decompress:none:__TI_decompress_none)
                  00000c08    0000000c     tm4c123gh6pm_startup_ccs.obj (.text)
                  00000c14    00000006     driverlib.lib : sysctl.obj (.text:SysCtlDelay)
                  00000c1a    00000004     rtsv7M4_T_le_v4SPD16_eabi.lib : pre_init.c.obj (.text:_system_pre_init)
                  00000c1e    00000004                                   : exit.c.obj (.text:abort:abort)

.cinit     0    00000c28    00000018     
                  00000c28    00000008     (__TI_handler_table)
                  00000c30    00000007     (.cinit..data.load) [load image, compression = lzss]
                  00000c37    00000001     --HOLE-- [fill = 0]
                  00000c38    00000008     (__TI_cinit_table)

.init_array 
*          0    00000000    00000000     UNINITIALIZED

.data      0    20000200    00000004     UNINITIALIZED
                  20000200    00000004     rtsv7M4_T_le_v4SPD16_eabi.lib : strtok.c.obj (.data)

.stack     0    20000000    00000200     UNINITIALIZED
                  20000000    00000004     rtsv7M4_T_le_v4SPD16_eabi.lib : boot_cortex_m.c.obj (.stack)
                  20000004    000001fc     --HOLE--

__llvm_prf_cnts 
*          0    20000000    00000000     UNINITIALIZED

MODULE SUMMARY

       Module                         code   ro data   rw data
       ------                         ----   -------   -------
    .\
       tm4c123gh6pm_startup_ccs.obj   12     620       0      
    +--+------------------------------+------+---------+---------+
       Total:                         12     620       0      
                                                              
    .\SRC\APP\
       main.obj                       100    0         0      
    +--+------------------------------+------+---------+---------+
       Total:                         100    0         0      
                                                              
    .\SRC\HAL\
       GPS.obj                        624    0         0      
       lcd.obj                        392    0         0      
    +--+------------------------------+------+---------+---------+
       Total:                         1016   0         0      
                                                              
    .\SRC\MCAL\
       gpio.obj                       312    0         0      
       UART.obj                       208    0         0      
    +--+------------------------------+------+---------+---------+
       Total:                         520    0         0      
                                                              
    C:/ti/TivaWare_C_Series-2.2.0.295/driverlib/ccs/Debug/driverlib.lib
       sysctl.obj                     250    0         0      
    +--+------------------------------+------+---------+---------+
       Total:                         250    0         0      
                                                              
    C:\ti\ccs1230\ccs\tools\compiler\ti-cgt-arm_20.2.7.LTS\lib\rtsv7M4_T_le_v4SPD16_eabi.lib
       memcpy_t2.asm.obj              156    0         0      
       copy_decompress_lzss.c.obj     104    0         0      
       autoinit.c.obj                 68     0         0      
       strtok.c.obj                   64     0         4      
       boot_cortex_m.c.obj            52     0         0      
       strspn.c.obj                   42     0         0      
       strcspn.c.obj                  36     0         0      
       strcmp.c.obj                   24     0         0      
       strcpy.c.obj                   20     0         0      
       copy_decompress_none.c.obj     14     0         0      
       exit.c.obj                     4      0         0      
       pre_init.c.obj                 4      0         0      
    +--+------------------------------+------+---------+---------+
       Total:                         588    0         4      
                                                              
       Stack:                         0      0         512    
       Linker Generated:              0      23        0      
    +--+------------------------------+------+---------+---------+
       Grand Total:                   2486   643       516    


LINKER GENERATED COPY TABLES

__TI_cinit_table @ 00000c38 records: 1, size/record: 8, table size: 8
	.data: load addr=00000c30, load size=00000007 bytes, run addr=20000200, run size=00000004 bytes, compression=lzss


LINKER GENERATED HANDLER TABLE

__TI_handler_table @ 00000c28 records: 2, size/record: 4, table size: 8
	index: 0, handler: __TI_decompress_lzss
	index: 1, handler: __TI_decompress_none


GLOBAL SYMBOLS: SORTED ALPHABETICALLY BY Name 

address   name                          
-------   ----                          
00000c1f  C$$EXIT                       
000006ad  PortB_Init                    
000006ef  PortD_Init                    
00000665  PortF_Init                    
00000c09  ResetISR                      
0000079d  SysCtlClockSet                
00000c15  SysCtlDelay                   
000004dd  SysTick_Init                  
00000891  UART5_init                    
20000200  __STACK_END                   
00000200  __STACK_SIZE                  
20000200  __STACK_TOP                   
00000c38  __TI_CINIT_Base               
00000c40  __TI_CINIT_Limit              
00000c28  __TI_Handler_Table_Base       
00000c30  __TI_Handler_Table_Limit      
00000ac9  __TI_auto_init_nobinit_nopinit
000009fd  __TI_decompress_lzss          
00000bfb  __TI_decompress_none          
ffffffff  __TI_pprof_out_hndl           
ffffffff  __TI_prof_data_size           
ffffffff  __TI_prof_data_start          
00000000  __TI_static_base__            
00000961  __aeabi_memcpy                
00000961  __aeabi_memcpy4               
00000961  __aeabi_memcpy8               
ffffffff  __binit__                     
ffffffff  __c_args__                    
UNDEFED   __mpu_init                    
20000000  __stack                       
20000000  __start___llvm_prf_cnts       
20000000  __stop___llvm_prf_cnts        
00000b4d  _c_int00_noargs               
UNDEFED   _system_post_cinit            
00000c1b  _system_pre_init              
00000c1f  abort                         
ffffffff  binit                         
00000523  delay_ms                      
000004f7  delay_us                      
00000000  g_pfnVectors                  
000005fd  lcd_char                      
0000056b  lcd_cmd                       
00000549  lcd_init                      
0000062b  lcd_str                       
000005a5  lcd_write                     
00000a65  main                          
00000961  memcpy                        
0000026d  readGPS                       
00000915  receive_char                  
00000bcf  strcmp                        
00000be7  strcpy                        
00000bab  strcspn                       
00000b81  strspn                        
00000b0d  strtok                        


GLOBAL SYMBOLS: SORTED BY Symbol Address 

address   name                          
-------   ----                          
00000000  __TI_static_base__            
00000000  g_pfnVectors                  
00000200  __STACK_SIZE                  
0000026d  readGPS                       
000004dd  SysTick_Init                  
000004f7  delay_us                      
00000523  delay_ms                      
00000549  lcd_init                      
0000056b  lcd_cmd                       
000005a5  lcd_write                     
000005fd  lcd_char                      
0000062b  lcd_str                       
00000665  PortF_Init                    
000006ad  PortB_Init                    
000006ef  PortD_Init                    
0000079d  SysCtlClockSet                
00000891  UART5_init                    
00000915  receive_char                  
00000961  __aeabi_memcpy                
00000961  __aeabi_memcpy4               
00000961  __aeabi_memcpy8               
00000961  memcpy                        
000009fd  __TI_decompress_lzss          
00000a65  main                          
00000ac9  __TI_auto_init_nobinit_nopinit
00000b0d  strtok                        
00000b4d  _c_int00_noargs               
00000b81  strspn                        
00000bab  strcspn                       
00000bcf  strcmp                        
00000be7  strcpy                        
00000bfb  __TI_decompress_none          
00000c09  ResetISR                      
00000c15  SysCtlDelay                   
00000c1b  _system_pre_init              
00000c1f  C$$EXIT                       
00000c1f  abort                         
00000c28  __TI_Handler_Table_Base       
00000c30  __TI_Handler_Table_Limit      
00000c38  __TI_CINIT_Base               
00000c40  __TI_CINIT_Limit              
20000000  __stack                       
20000000  __start___llvm_prf_cnts       
20000000  __stop___llvm_prf_cnts        
20000200  __STACK_END                   
20000200  __STACK_TOP                   
ffffffff  __TI_pprof_out_hndl           
ffffffff  __TI_prof_data_size           
ffffffff  __TI_prof_data_start          
ffffffff  __binit__                     
ffffffff  __c_args__                    
ffffffff  binit                         
UNDEFED   __mpu_init                    
UNDEFED   _system_post_cinit            

[54 symbols]
